// Jest Snapshot v1, https://goo.gl/fbAQLP

exports[`Found word description get empty foundWord 1`] = `
<div
  className="FoundWordDescription-foundWordDescription-0-1-1"
>
  <div
    className="FoundWordDescription-emptyDescription-0-1-2"
  >
    Here will be detailed description
  </div>
</div>
`;

exports[`Found word description get en inside foundWord 1`] = `
<div
  className="FoundWordDescription-foundWordDescription-0-1-1"
>
  <div>
    <div
      className="LineExplanation-lineExplanation-0-1-3"
    >
      <div
        className={undefined}
      >
        Part of speech:
      </div>
      <div
        className={undefined}
      >
        noun
      </div>
    </div>
    <div
      className="LineExplanation-lineExplanation-0-1-3"
    >
      <div
        className={undefined}
      >
        English:
      </div>
      <div
        className={undefined}
      />
    </div>
    <div
      className="LineExplanation-lineExplanation-0-1-3"
    >
      <div
        className={undefined}
      >
        Russian:
      </div>
      <div
        className={undefined}
      />
    </div>
    <div
      className="LineExplanation-lineExplanation-0-1-3"
    >
      <div
        className={undefined}
      >
        Transcription:
      </div>
      <div
        className={undefined}
      />
    </div>
    <div
      className="LineExplanation-lineExplanation-0-1-3"
    >
      <div
        className={undefined}
      >
        Synonyms:
      </div>
      <div
        className={undefined}
      >
        <div />
      </div>
    </div>
    <div
      className="LineExplanation-lineExplanation-0-1-3"
    >
      <div
        className={undefined}
      >
        Antonyms:
      </div>
      <div
        className={undefined}
      >
        <div />
      </div>
    </div>
    <div
      className="LineExplanation-lineExplanation-0-1-3"
    >
      <div
        className={undefined}
      >
        Similar to:
      </div>
      <div
        className={undefined}
      >
        <div />
      </div>
    </div>
  </div>
</div>
`;

exports[`Found word description get partOfSpeech inside foundWord 1`] = `
<div
  className="FoundWordDescription-foundWordDescription-0-1-1"
>
  <div>
    <div
      className="LineExplanation-lineExplanation-0-1-3"
    >
      <div
        className={undefined}
      >
        Part of speech:
      </div>
      <div
        className={undefined}
      >
        noun
      </div>
    </div>
    <div
      className="LineExplanation-lineExplanation-0-1-3"
    >
      <div
        className={undefined}
      >
        English:
      </div>
      <div
        className={undefined}
      />
    </div>
    <div
      className="LineExplanation-lineExplanation-0-1-3"
    >
      <div
        className={undefined}
      >
        Russian:
      </div>
      <div
        className={undefined}
      />
    </div>
    <div
      className="LineExplanation-lineExplanation-0-1-3"
    >
      <div
        className={undefined}
      >
        Transcription:
      </div>
      <div
        className={undefined}
      />
    </div>
    <div
      className="LineExplanation-lineExplanation-0-1-3"
    >
      <div
        className={undefined}
      >
        Synonyms:
      </div>
      <div
        className={undefined}
      >
        <div />
      </div>
    </div>
    <div
      className="LineExplanation-lineExplanation-0-1-3"
    >
      <div
        className={undefined}
      >
        Antonyms:
      </div>
      <div
        className={undefined}
      >
        <div />
      </div>
    </div>
    <div
      className="LineExplanation-lineExplanation-0-1-3"
    >
      <div
        className={undefined}
      >
        Similar to:
      </div>
      <div
        className={undefined}
      >
        <div />
      </div>
    </div>
  </div>
</div>
`;

exports[`Found word description render 1`] = `
<div
  className="FoundWordDescription-foundWordDescription-0-1-1"
>
  <div>
    <div
      className="LineExplanation-lineExplanation-0-1-3"
    >
      <div
        className={undefined}
      >
        Part of speech:
      </div>
      <div
        className={undefined}
      >
        noun
      </div>
    </div>
    <div
      className="LineExplanation-lineExplanation-0-1-3"
    >
      <div
        className={undefined}
      >
        English:
      </div>
      <div
        className={undefined}
      />
    </div>
    <div
      className="LineExplanation-lineExplanation-0-1-3"
    >
      <div
        className={undefined}
      >
        Russian:
      </div>
      <div
        className={undefined}
      />
    </div>
    <div
      className="LineExplanation-lineExplanation-0-1-3"
    >
      <div
        className={undefined}
      >
        Transcription:
      </div>
      <div
        className={undefined}
      />
    </div>
    <div
      className="LineExplanation-lineExplanation-0-1-3"
    >
      <div
        className={undefined}
      >
        Synonyms:
      </div>
      <div
        className={undefined}
      >
        <div />
      </div>
    </div>
    <div
      className="LineExplanation-lineExplanation-0-1-3"
    >
      <div
        className={undefined}
      >
        Antonyms:
      </div>
      <div
        className={undefined}
      >
        <div />
      </div>
    </div>
    <div
      className="LineExplanation-lineExplanation-0-1-3"
    >
      <div
        className={undefined}
      >
        Similar to:
      </div>
      <div
        className={undefined}
      >
        <div />
      </div>
    </div>
  </div>
</div>
`;
