// Jest Snapshot v1, https://goo.gl/fbAQLP

exports[`Header render 1`] = `
<styled.div
  isLoggedIn={false}
>
  <Styled(Link)
    to="/"
  >
    <Styled(Component) />
  </Styled(Link)>
  <styled.div>
    <Styled(Component)
      to="/words/list"
    >
      My words
    </Styled(Component)>
    <Styled(Component)
      to="/auth/log-in"
      variant="outlined"
    >
      Sign in
    </Styled(Component)>
  </styled.div>
</styled.div>
`;
