// Jest Snapshot v1, https://goo.gl/fbAQLP

exports[`Notification item render 1`] = `
<WithTheme(Grow)
  in={true}
  timeout={400}
>
  <li>
    <div>
      <pure(Error) />
      <div>
        <Jss(CloseButton)
          onClick={[Function]}
        />
      </div>
    </div>
    <div />
  </li>
</WithTheme(Grow)>
`;
