// Jest Snapshot v1, https://goo.gl/fbAQLP

exports[`Pagination panel components PaginationPanelWrapper 1`] = `
<div
  className="sc-eHgmQL hmRQZu"
>
  Anything
</div>
`;

exports[`Pagination panel render 1`] = `
<PaginationPanel
  countPerPage={5}
  maxPageCount={0}
  onChangeCount={[Function]}
  onChangePage={[Function]}
  page={1}
>
  <WithStyles(List)>
    <List
      classes={
        Object {
          "dense": "MuiList-dense-3",
          "padding": "MuiList-padding-2",
          "root": "MuiList-root-1",
          "subheader": "MuiList-subheader-4",
        }
      }
      component="ul"
      dense={false}
      disablePadding={false}
    >
      <ul
        className="MuiList-root-1 MuiList-padding-2"
      >
        <WithStyles(ListItem)>
          <ListItem
            ContainerComponent="li"
            button={false}
            classes={
              Object {
                "button": "MuiListItem-button-13",
                "container": "MuiListItem-container-6",
                "default": "MuiListItem-default-8",
                "dense": "MuiListItem-dense-9",
                "disabled": "MuiListItem-disabled-10",
                "divider": "MuiListItem-divider-11",
                "focusVisible": "MuiListItem-focusVisible-7",
                "gutters": "MuiListItem-gutters-12",
                "root": "MuiListItem-root-5",
                "secondaryAction": "MuiListItem-secondaryAction-14",
              }
            }
            dense={false}
            disableGutters={false}
            disabled={false}
            divider={false}
          >
            <li
              className="MuiListItem-root-5 MuiListItem-default-8 MuiListItem-gutters-12"
              disabled={false}
            >
              <styled.div
                key=".0"
              >
                <div
                  className="sc-eHgmQL hmRQZu"
                >
                  <SelectWithOptions
                    label="Words per page"
                    onChange={[Function]}
                    options={
                      Array [
                        Object {
                          "key": 1,
                          "title": 1,
                        },
                        Object {
                          "key": 5,
                          "title": 5,
                        },
                        Object {
                          "key": 10,
                          "title": 10,
                        },
                        Object {
                          "key": 25,
                          "title": 25,
                        },
                        Object {
                          "key": 50,
                          "title": 50,
                        },
                        Object {
                          "key": 100,
                          "title": 100,
                        },
                      ]
                    }
                    value={5}
                  >
                    <Styled(Component)
                      label="Words per page"
                      onChange={[Function]}
                      value={5}
                    >
                      <Component
                        className="sc-dxgOiQ cqgwPn"
                        label="Words per page"
                        onChange={[Function]}
                        value={5}
                      >
                        <SelectBlock
                          className="sc-dxgOiQ cqgwPn"
                          label="Words per page"
                          onChange={[Function]}
                          value={5}
                        >
                          <WithStyles(FormControl)
                            color="primary"
                          >
                            <FormControl
                              classes={
                                Object {
                                  "fullWidth": "MuiFormControl-fullWidth-18",
                                  "marginDense": "MuiFormControl-marginDense-17",
                                  "marginNormal": "MuiFormControl-marginNormal-16",
                                  "root": "MuiFormControl-root-15",
                                }
                              }
                              color="primary"
                              component="div"
                              disabled={false}
                              error={false}
                              fullWidth={false}
                              margin="none"
                              required={false}
                            >
                              <div
                                className="MuiFormControl-root-15"
                                color="primary"
                              >
                                <WithStyles(InputLabel)
                                  htmlFor="Words per page"
                                >
                                  <InputLabel
                                    classes={
                                      Object {
                                        "animated": "MuiInputLabel-animated-23",
                                        "formControl": "MuiInputLabel-formControl-20",
                                        "marginDense": "MuiInputLabel-marginDense-21",
                                        "root": "MuiInputLabel-root-19",
                                        "shrink": "MuiInputLabel-shrink-22",
                                      }
                                    }
                                    disableAnimation={false}
                                    htmlFor="Words per page"
                                  >
                                    <WithStyles(FormLabel)
                                      className="MuiInputLabel-root-19 MuiInputLabel-formControl-20 MuiInputLabel-animated-23 MuiInputLabel-shrink-22"
                                      data-shrink={true}
                                      htmlFor="Words per page"
                                    >
                                      <FormLabel
                                        className="MuiInputLabel-root-19 MuiInputLabel-formControl-20 MuiInputLabel-animated-23 MuiInputLabel-shrink-22"
                                        classes={
                                          Object {
                                            "asterisk": "MuiFormLabel-asterisk-30",
                                            "disabled": "MuiFormLabel-disabled-26",
                                            "error": "MuiFormLabel-error-27",
                                            "filled": "MuiFormLabel-filled-28",
                                            "focused": "MuiFormLabel-focused-25",
                                            "required": "MuiFormLabel-required-29",
                                            "root": "MuiFormLabel-root-24",
                                          }
                                        }
                                        component="label"
                                        data-shrink={true}
                                        htmlFor="Words per page"
                                      >
                                        <label
                                          className="MuiFormLabel-root-24 MuiFormLabel-filled-28 MuiInputLabel-root-19 MuiInputLabel-formControl-20 MuiInputLabel-animated-23 MuiInputLabel-shrink-22"
                                          data-shrink={true}
                                          htmlFor="Words per page"
                                        >
                                          Words per page
                                        </label>
                                      </FormLabel>
                                    </WithStyles(FormLabel)>
                                  </InputLabel>
                                </WithStyles(InputLabel)>
                                <WithStyles(Select)
                                  className="sc-dxgOiQ cqgwPn"
                                  onChange={[Function]}
                                  value={5}
                                >
                                  <Select
                                    IconComponent={[Function]}
                                    autoWidth={false}
                                    className="sc-dxgOiQ cqgwPn"
                                    classes={
                                      Object {
                                        "disabled": "MuiSelect-disabled-34",
                                        "icon": "MuiSelect-icon-35",
                                        "root": "MuiSelect-root-31",
                                        "select": "MuiSelect-select-32",
                                        "selectMenu": "MuiSelect-selectMenu-33",
                                      }
                                    }
                                    displayEmpty={false}
                                    input={<WithStyles(Input) />}
                                    multiple={false}
                                    native={false}
                                    onChange={[Function]}
                                    value={5}
                                  >
                                    <WithStyles(Input)
                                      className="sc-dxgOiQ cqgwPn"
                                      inputComponent={[Function]}
                                      inputProps={
                                        Object {
                                          "IconComponent": [Function],
                                          "MenuProps": undefined,
                                          "SelectDisplayProps": undefined,
                                          "autoWidth": false,
                                          "children": Array [
                                            <WithStyles(MenuItem)
                                              value={1}
                                            >
                                              1
                                            </WithStyles(MenuItem)>,
                                            <WithStyles(MenuItem)
                                              value={5}
                                            >
                                              5
                                            </WithStyles(MenuItem)>,
                                            <WithStyles(MenuItem)
                                              value={10}
                                            >
                                              10
                                            </WithStyles(MenuItem)>,
                                            <WithStyles(MenuItem)
                                              value={25}
                                            >
                                              25
                                            </WithStyles(MenuItem)>,
                                            <WithStyles(MenuItem)
                                              value={50}
                                            >
                                              50
                                            </WithStyles(MenuItem)>,
                                            <WithStyles(MenuItem)
                                              value={100}
                                            >
                                              100
                                            </WithStyles(MenuItem)>,
                                          ],
                                          "classes": Object {
                                            "disabled": "MuiSelect-disabled-34",
                                            "icon": "MuiSelect-icon-35",
                                            "root": "MuiSelect-root-31",
                                            "select": "MuiSelect-select-32",
                                            "selectMenu": "MuiSelect-selectMenu-33",
                                          },
                                          "displayEmpty": false,
                                          "multiple": false,
                                          "onClose": undefined,
                                          "onOpen": undefined,
                                          "open": undefined,
                                          "renderValue": undefined,
                                          "type": undefined,
                                        }
                                      }
                                      onChange={[Function]}
                                      value={5}
                                    >
                                      <Input
                                        className="sc-dxgOiQ cqgwPn"
                                        classes={
                                          Object {
                                            "disabled": "MuiInput-disabled-39",
                                            "error": "MuiInput-error-41",
                                            "focused": "MuiInput-focused-38",
                                            "formControl": "MuiInput-formControl-37",
                                            "fullWidth": "MuiInput-fullWidth-43",
                                            "input": "MuiInput-input-44",
                                            "inputMarginDense": "MuiInput-inputMarginDense-45",
                                            "inputMultiline": "MuiInput-inputMultiline-46",
                                            "inputType": "MuiInput-inputType-47",
                                            "inputTypeSearch": "MuiInput-inputTypeSearch-48",
                                            "multiline": "MuiInput-multiline-42",
                                            "root": "MuiInput-root-36",
                                            "underline": "MuiInput-underline-40",
                                          }
                                        }
                                        disableUnderline={false}
                                        fullWidth={false}
                                        inputComponent={[Function]}
                                        inputProps={
                                          Object {
                                            "IconComponent": [Function],
                                            "MenuProps": undefined,
                                            "SelectDisplayProps": undefined,
                                            "autoWidth": false,
                                            "children": Array [
                                              <WithStyles(MenuItem)
                                                value={1}
                                              >
                                                1
                                              </WithStyles(MenuItem)>,
                                              <WithStyles(MenuItem)
                                                value={5}
                                              >
                                                5
                                              </WithStyles(MenuItem)>,
                                              <WithStyles(MenuItem)
                                                value={10}
                                              >
                                                10
                                              </WithStyles(MenuItem)>,
                                              <WithStyles(MenuItem)
                                                value={25}
                                              >
                                                25
                                              </WithStyles(MenuItem)>,
                                              <WithStyles(MenuItem)
                                                value={50}
                                              >
                                                50
                                              </WithStyles(MenuItem)>,
                                              <WithStyles(MenuItem)
                                                value={100}
                                              >
                                                100
                                              </WithStyles(MenuItem)>,
                                            ],
                                            "classes": Object {
                                              "disabled": "MuiSelect-disabled-34",
                                              "icon": "MuiSelect-icon-35",
                                              "root": "MuiSelect-root-31",
                                              "select": "MuiSelect-select-32",
                                              "selectMenu": "MuiSelect-selectMenu-33",
                                            },
                                            "displayEmpty": false,
                                            "multiple": false,
                                            "onClose": undefined,
                                            "onOpen": undefined,
                                            "open": undefined,
                                            "renderValue": undefined,
                                            "type": undefined,
                                          }
                                        }
                                        multiline={false}
                                        onChange={[Function]}
                                        type="text"
                                        value={5}
                                      >
                                        <div
                                          className="MuiInput-root-36 MuiInput-formControl-37 MuiInput-underline-40 sc-dxgOiQ cqgwPn"
                                        >
                                          <SelectInput
                                            IconComponent={[Function]}
                                            aria-invalid={false}
                                            autoWidth={false}
                                            className="MuiInput-input-44"
                                            classes={
                                              Object {
                                                "disabled": "MuiSelect-disabled-34",
                                                "icon": "MuiSelect-icon-35",
                                                "root": "MuiSelect-root-31",
                                                "select": "MuiSelect-select-32",
                                                "selectMenu": "MuiSelect-selectMenu-33",
                                              }
                                            }
                                            disabled={false}
                                            displayEmpty={false}
                                            inputRef={[Function]}
                                            multiple={false}
                                            onBlur={[Function]}
                                            onChange={[Function]}
                                            onFocus={[Function]}
                                            required={false}
                                            value={5}
                                          >
                                            <div
                                              className="MuiSelect-root-31"
                                            >
                                              <div
                                                aria-haspopup="true"
                                                aria-owns={null}
                                                aria-pressed="false"
                                                className="MuiSelect-select-32 MuiSelect-selectMenu-33 MuiInput-input-44"
                                                onBlur={[Function]}
                                                onClick={[Function]}
                                                onFocus={[Function]}
                                                onKeyDown={[Function]}
                                                role="button"
                                                tabIndex={0}
                                              >
                                                5
                                              </div>
                                              <input
                                                type="hidden"
                                                value={5}
                                              />
                                              <pure(ArrowDropDown)
                                                className="MuiSelect-icon-35"
                                              >
                                                <ArrowDropDown
                                                  className="MuiSelect-icon-35"
                                                >
                                                  <WithStyles(SvgIcon)
                                                    className="MuiSelect-icon-35"
                                                  >
                                                    <SvgIcon
                                                      className="MuiSelect-icon-35"
                                                      classes={
                                                        Object {
                                                          "colorAction": "MuiSvgIcon-colorAction-52",
                                                          "colorDisabled": "MuiSvgIcon-colorDisabled-54",
                                                          "colorError": "MuiSvgIcon-colorError-53",
                                                          "colorPrimary": "MuiSvgIcon-colorPrimary-50",
                                                          "colorSecondary": "MuiSvgIcon-colorSecondary-51",
                                                          "fontSizeInherit": "MuiSvgIcon-fontSizeInherit-55",
                                                          "root": "MuiSvgIcon-root-49",
                                                        }
                                                      }
                                                      color="inherit"
                                                      component="svg"
                                                      fontSize="default"
                                                      viewBox="0 0 24 24"
                                                    >
                                                      <svg
                                                        aria-hidden="true"
                                                        className="MuiSvgIcon-root-49 MuiSelect-icon-35"
                                                        focusable="false"
                                                        viewBox="0 0 24 24"
                                                      >
                                                        <path
                                                          d="M7 10l5 5 5-5z"
                                                        />
                                                      </svg>
                                                    </SvgIcon>
                                                  </WithStyles(SvgIcon)>
                                                </ArrowDropDown>
                                              </pure(ArrowDropDown)>
                                              <WithStyles(Menu)
                                                MenuListProps={
                                                  Object {
                                                    "role": "listbox",
                                                  }
                                                }
                                                PaperProps={
                                                  Object {
                                                    "style": Object {
                                                      "minWidth": null,
                                                    },
                                                  }
                                                }
                                                anchorEl={null}
                                                id="menu-"
                                                onClose={[Function]}
                                                open={false}
                                              >
                                                <Menu
                                                  MenuListProps={
                                                    Object {
                                                      "role": "listbox",
                                                    }
                                                  }
                                                  PaperProps={
                                                    Object {
                                                      "style": Object {
                                                        "minWidth": null,
                                                      },
                                                    }
                                                  }
                                                  anchorEl={null}
                                                  classes={
                                                    Object {
                                                      "paper": "MuiMenu-paper-56",
                                                    }
                                                  }
                                                  disableAutoFocusItem={false}
                                                  id="menu-"
                                                  onClose={[Function]}
                                                  open={false}
                                                  theme={
                                                    Object {
                                                      "breakpoints": Object {
                                                        "between": [Function],
                                                        "down": [Function],
                                                        "keys": Array [
                                                          "xs",
                                                          "sm",
                                                          "md",
                                                          "lg",
                                                          "xl",
                                                        ],
                                                        "only": [Function],
                                                        "up": [Function],
                                                        "values": Object {
                                                          "lg": 1280,
                                                          "md": 960,
                                                          "sm": 600,
                                                          "xl": 1920,
                                                          "xs": 0,
                                                        },
                                                        "width": [Function],
                                                      },
                                                      "direction": "ltr",
                                                      "mixins": Object {
                                                        "gutters": [Function],
                                                        "toolbar": Object {
                                                          "@media (min-width:0px) and (orientation: landscape)": Object {
                                                            "minHeight": 48,
                                                          },
                                                          "@media (min-width:600px)": Object {
                                                            "minHeight": 64,
                                                          },
                                                          "minHeight": 56,
                                                        },
                                                      },
                                                      "overrides": Object {},
                                                      "palette": Object {
                                                        "action": Object {
                                                          "active": "rgba(0, 0, 0, 0.54)",
                                                          "disabled": "rgba(0, 0, 0, 0.26)",
                                                          "disabledBackground": "rgba(0, 0, 0, 0.12)",
                                                          "hover": "rgba(0, 0, 0, 0.08)",
                                                          "hoverOpacity": 0.08,
                                                          "selected": "rgba(0, 0, 0, 0.14)",
                                                        },
                                                        "augmentColor": [Function],
                                                        "background": Object {
                                                          "default": "#fafafa",
                                                          "paper": "#fff",
                                                        },
                                                        "common": Object {
                                                          "black": "#000",
                                                          "white": "#fff",
                                                        },
                                                        "contrastThreshold": 3,
                                                        "divider": "rgba(0, 0, 0, 0.12)",
                                                        "error": Object {
                                                          "contrastText": "#fff",
                                                          "dark": "#d32f2f",
                                                          "light": "#e57373",
                                                          "main": "#f44336",
                                                        },
                                                        "getContrastText": [Function],
                                                        "grey": Object {
                                                          "100": "#f5f5f5",
                                                          "200": "#eeeeee",
                                                          "300": "#e0e0e0",
                                                          "400": "#bdbdbd",
                                                          "50": "#fafafa",
                                                          "500": "#9e9e9e",
                                                          "600": "#757575",
                                                          "700": "#616161",
                                                          "800": "#424242",
                                                          "900": "#212121",
                                                          "A100": "#d5d5d5",
                                                          "A200": "#aaaaaa",
                                                          "A400": "#303030",
                                                          "A700": "#616161",
                                                        },
                                                        "primary": Object {
                                                          "contrastText": "#fff",
                                                          "dark": "#303f9f",
                                                          "light": "#7986cb",
                                                          "main": "#3f51b5",
                                                        },
                                                        "secondary": Object {
                                                          "contrastText": "#fff",
                                                          "dark": "#c51162",
                                                          "light": "#ff4081",
                                                          "main": "#f50057",
                                                        },
                                                        "text": Object {
                                                          "disabled": "rgba(0, 0, 0, 0.38)",
                                                          "hint": "rgba(0, 0, 0, 0.38)",
                                                          "primary": "rgba(0, 0, 0, 0.87)",
                                                          "secondary": "rgba(0, 0, 0, 0.54)",
                                                        },
                                                        "tonalOffset": 0.2,
                                                        "type": "light",
                                                      },
                                                      "props": Object {},
                                                      "shadows": Array [
                                                        "none",
                                                        "0px 1px 3px 0px rgba(0, 0, 0, 0.2),0px 1px 1px 0px rgba(0, 0, 0, 0.14),0px 2px 1px -1px rgba(0, 0, 0, 0.12)",
                                                        "0px 1px 5px 0px rgba(0, 0, 0, 0.2),0px 2px 2px 0px rgba(0, 0, 0, 0.14),0px 3px 1px -2px rgba(0, 0, 0, 0.12)",
                                                        "0px 1px 8px 0px rgba(0, 0, 0, 0.2),0px 3px 4px 0px rgba(0, 0, 0, 0.14),0px 3px 3px -2px rgba(0, 0, 0, 0.12)",
                                                        "0px 2px 4px -1px rgba(0, 0, 0, 0.2),0px 4px 5px 0px rgba(0, 0, 0, 0.14),0px 1px 10px 0px rgba(0, 0, 0, 0.12)",
                                                        "0px 3px 5px -1px rgba(0, 0, 0, 0.2),0px 5px 8px 0px rgba(0, 0, 0, 0.14),0px 1px 14px 0px rgba(0, 0, 0, 0.12)",
                                                        "0px 3px 5px -1px rgba(0, 0, 0, 0.2),0px 6px 10px 0px rgba(0, 0, 0, 0.14),0px 1px 18px 0px rgba(0, 0, 0, 0.12)",
                                                        "0px 4px 5px -2px rgba(0, 0, 0, 0.2),0px 7px 10px 1px rgba(0, 0, 0, 0.14),0px 2px 16px 1px rgba(0, 0, 0, 0.12)",
                                                        "0px 5px 5px -3px rgba(0, 0, 0, 0.2),0px 8px 10px 1px rgba(0, 0, 0, 0.14),0px 3px 14px 2px rgba(0, 0, 0, 0.12)",
                                                        "0px 5px 6px -3px rgba(0, 0, 0, 0.2),0px 9px 12px 1px rgba(0, 0, 0, 0.14),0px 3px 16px 2px rgba(0, 0, 0, 0.12)",
                                                        "0px 6px 6px -3px rgba(0, 0, 0, 0.2),0px 10px 14px 1px rgba(0, 0, 0, 0.14),0px 4px 18px 3px rgba(0, 0, 0, 0.12)",
                                                        "0px 6px 7px -4px rgba(0, 0, 0, 0.2),0px 11px 15px 1px rgba(0, 0, 0, 0.14),0px 4px 20px 3px rgba(0, 0, 0, 0.12)",
                                                        "0px 7px 8px -4px rgba(0, 0, 0, 0.2),0px 12px 17px 2px rgba(0, 0, 0, 0.14),0px 5px 22px 4px rgba(0, 0, 0, 0.12)",
                                                        "0px 7px 8px -4px rgba(0, 0, 0, 0.2),0px 13px 19px 2px rgba(0, 0, 0, 0.14),0px 5px 24px 4px rgba(0, 0, 0, 0.12)",
                                                        "0px 7px 9px -4px rgba(0, 0, 0, 0.2),0px 14px 21px 2px rgba(0, 0, 0, 0.14),0px 5px 26px 4px rgba(0, 0, 0, 0.12)",
                                                        "0px 8px 9px -5px rgba(0, 0, 0, 0.2),0px 15px 22px 2px rgba(0, 0, 0, 0.14),0px 6px 28px 5px rgba(0, 0, 0, 0.12)",
                                                        "0px 8px 10px -5px rgba(0, 0, 0, 0.2),0px 16px 24px 2px rgba(0, 0, 0, 0.14),0px 6px 30px 5px rgba(0, 0, 0, 0.12)",
                                                        "0px 8px 11px -5px rgba(0, 0, 0, 0.2),0px 17px 26px 2px rgba(0, 0, 0, 0.14),0px 6px 32px 5px rgba(0, 0, 0, 0.12)",
                                                        "0px 9px 11px -5px rgba(0, 0, 0, 0.2),0px 18px 28px 2px rgba(0, 0, 0, 0.14),0px 7px 34px 6px rgba(0, 0, 0, 0.12)",
                                                        "0px 9px 12px -6px rgba(0, 0, 0, 0.2),0px 19px 29px 2px rgba(0, 0, 0, 0.14),0px 7px 36px 6px rgba(0, 0, 0, 0.12)",
                                                        "0px 10px 13px -6px rgba(0, 0, 0, 0.2),0px 20px 31px 3px rgba(0, 0, 0, 0.14),0px 8px 38px 7px rgba(0, 0, 0, 0.12)",
                                                        "0px 10px 13px -6px rgba(0, 0, 0, 0.2),0px 21px 33px 3px rgba(0, 0, 0, 0.14),0px 8px 40px 7px rgba(0, 0, 0, 0.12)",
                                                        "0px 10px 14px -6px rgba(0, 0, 0, 0.2),0px 22px 35px 3px rgba(0, 0, 0, 0.14),0px 8px 42px 7px rgba(0, 0, 0, 0.12)",
                                                        "0px 11px 14px -7px rgba(0, 0, 0, 0.2),0px 23px 36px 3px rgba(0, 0, 0, 0.14),0px 9px 44px 8px rgba(0, 0, 0, 0.12)",
                                                        "0px 11px 15px -7px rgba(0, 0, 0, 0.2),0px 24px 38px 3px rgba(0, 0, 0, 0.14),0px 9px 46px 8px rgba(0, 0, 0, 0.12)",
                                                      ],
                                                      "shape": Object {
                                                        "borderRadius": 4,
                                                      },
                                                      "spacing": Object {
                                                        "unit": 8,
                                                      },
                                                      "transitions": Object {
                                                        "create": [Function],
                                                        "duration": Object {
                                                          "complex": 375,
                                                          "enteringScreen": 225,
                                                          "leavingScreen": 195,
                                                          "short": 250,
                                                          "shorter": 200,
                                                          "shortest": 150,
                                                          "standard": 300,
                                                        },
                                                        "easing": Object {
                                                          "easeIn": "cubic-bezier(0.4, 0, 1, 1)",
                                                          "easeInOut": "cubic-bezier(0.4, 0, 0.2, 1)",
                                                          "easeOut": "cubic-bezier(0.0, 0, 0.2, 1)",
                                                          "sharp": "cubic-bezier(0.4, 0, 0.6, 1)",
                                                        },
                                                        "getAutoHeightDuration": [Function],
                                                      },
                                                      "typography": Object {
                                                        "body1": Object {
                                                          "color": "rgba(0, 0, 0, 0.87)",
                                                          "fontFamily": "\\"Roboto\\", \\"Helvetica\\", \\"Arial\\", sans-serif",
                                                          "fontSize": "0.875rem",
                                                          "fontWeight": 400,
                                                          "lineHeight": "1.46429em",
                                                        },
                                                        "body2": Object {
                                                          "color": "rgba(0, 0, 0, 0.87)",
                                                          "fontFamily": "\\"Roboto\\", \\"Helvetica\\", \\"Arial\\", sans-serif",
                                                          "fontSize": "0.875rem",
                                                          "fontWeight": 500,
                                                          "lineHeight": "1.71429em",
                                                        },
                                                        "button": Object {
                                                          "color": "rgba(0, 0, 0, 0.87)",
                                                          "fontFamily": "\\"Roboto\\", \\"Helvetica\\", \\"Arial\\", sans-serif",
                                                          "fontSize": "0.875rem",
                                                          "fontWeight": 500,
                                                          "textTransform": "uppercase",
                                                        },
                                                        "caption": Object {
                                                          "color": "rgba(0, 0, 0, 0.54)",
                                                          "fontFamily": "\\"Roboto\\", \\"Helvetica\\", \\"Arial\\", sans-serif",
                                                          "fontSize": "0.75rem",
                                                          "fontWeight": 400,
                                                          "lineHeight": "1.375em",
                                                        },
                                                        "display1": Object {
                                                          "color": "rgba(0, 0, 0, 0.54)",
                                                          "fontFamily": "\\"Roboto\\", \\"Helvetica\\", \\"Arial\\", sans-serif",
                                                          "fontSize": "2.125rem",
                                                          "fontWeight": 400,
                                                          "lineHeight": "1.20588em",
                                                        },
                                                        "display2": Object {
                                                          "color": "rgba(0, 0, 0, 0.54)",
                                                          "fontFamily": "\\"Roboto\\", \\"Helvetica\\", \\"Arial\\", sans-serif",
                                                          "fontSize": "2.8125rem",
                                                          "fontWeight": 400,
                                                          "lineHeight": "1.13333em",
                                                          "marginLeft": "-.02em",
                                                        },
                                                        "display3": Object {
                                                          "color": "rgba(0, 0, 0, 0.54)",
                                                          "fontFamily": "\\"Roboto\\", \\"Helvetica\\", \\"Arial\\", sans-serif",
                                                          "fontSize": "3.5rem",
                                                          "fontWeight": 400,
                                                          "letterSpacing": "-.02em",
                                                          "lineHeight": "1.30357em",
                                                          "marginLeft": "-.02em",
                                                        },
                                                        "display4": Object {
                                                          "color": "rgba(0, 0, 0, 0.54)",
                                                          "fontFamily": "\\"Roboto\\", \\"Helvetica\\", \\"Arial\\", sans-serif",
                                                          "fontSize": "7rem",
                                                          "fontWeight": 300,
                                                          "letterSpacing": "-.04em",
                                                          "lineHeight": "1.14286em",
                                                          "marginLeft": "-.04em",
                                                        },
                                                        "fontFamily": "\\"Roboto\\", \\"Helvetica\\", \\"Arial\\", sans-serif",
                                                        "fontSize": 14,
                                                        "fontWeightLight": 300,
                                                        "fontWeightMedium": 500,
                                                        "fontWeightRegular": 400,
                                                        "headline": Object {
                                                          "color": "rgba(0, 0, 0, 0.87)",
                                                          "fontFamily": "\\"Roboto\\", \\"Helvetica\\", \\"Arial\\", sans-serif",
                                                          "fontSize": "1.5rem",
                                                          "fontWeight": 400,
                                                          "lineHeight": "1.35417em",
                                                        },
                                                        "pxToRem": [Function],
                                                        "round": [Function],
                                                        "subheading": Object {
                                                          "color": "rgba(0, 0, 0, 0.87)",
                                                          "fontFamily": "\\"Roboto\\", \\"Helvetica\\", \\"Arial\\", sans-serif",
                                                          "fontSize": "1rem",
                                                          "fontWeight": 400,
                                                          "lineHeight": "1.5em",
                                                        },
                                                        "title": Object {
                                                          "color": "rgba(0, 0, 0, 0.87)",
                                                          "fontFamily": "\\"Roboto\\", \\"Helvetica\\", \\"Arial\\", sans-serif",
                                                          "fontSize": "1.3125rem",
                                                          "fontWeight": 500,
                                                          "lineHeight": "1.16667em",
                                                        },
                                                      },
                                                      "zIndex": Object {
                                                        "appBar": 1100,
                                                        "drawer": 1200,
                                                        "mobileStepper": 1000,
                                                        "modal": 1300,
                                                        "snackbar": 1400,
                                                        "tooltip": 1500,
                                                      },
                                                    }
                                                  }
                                                  transitionDuration="auto"
                                                >
                                                  <WithStyles(Popover)
                                                    PaperProps={
                                                      Object {
                                                        "classes": Object {
                                                          "root": "MuiMenu-paper-56",
                                                        },
                                                        "style": Object {
                                                          "minWidth": null,
                                                        },
                                                      }
                                                    }
                                                    anchorEl={null}
                                                    anchorOrigin={
                                                      Object {
                                                        "horizontal": "left",
                                                        "vertical": "top",
                                                      }
                                                    }
                                                    getContentAnchorEl={[Function]}
                                                    id="menu-"
                                                    onClose={[Function]}
                                                    onEnter={[Function]}
                                                    open={false}
                                                    transformOrigin={
                                                      Object {
                                                        "horizontal": "left",
                                                        "vertical": "top",
                                                      }
                                                    }
                                                    transitionDuration="auto"
                                                  >
                                                    <Popover
                                                      PaperProps={
                                                        Object {
                                                          "classes": Object {
                                                            "root": "MuiMenu-paper-56",
                                                          },
                                                          "style": Object {
                                                            "minWidth": null,
                                                          },
                                                        }
                                                      }
                                                      TransitionComponent={[Function]}
                                                      anchorEl={null}
                                                      anchorOrigin={
                                                        Object {
                                                          "horizontal": "left",
                                                          "vertical": "top",
                                                        }
                                                      }
                                                      anchorReference="anchorEl"
                                                      classes={
                                                        Object {
                                                          "paper": "MuiPopover-paper-57",
                                                        }
                                                      }
                                                      elevation={8}
                                                      getContentAnchorEl={[Function]}
                                                      id="menu-"
                                                      marginThreshold={16}
                                                      onClose={[Function]}
                                                      onEnter={[Function]}
                                                      open={false}
                                                      transformOrigin={
                                                        Object {
                                                          "horizontal": "left",
                                                          "vertical": "top",
                                                        }
                                                      }
                                                      transitionDuration="auto"
                                                    >
                                                      <WithStyles(Modal)
                                                        BackdropProps={
                                                          Object {
                                                            "invisible": true,
                                                          }
                                                        }
                                                        id="menu-"
                                                        onClose={[Function]}
                                                        open={false}
                                                      >
                                                        <Modal
                                                          BackdropComponent={[Function]}
                                                          BackdropProps={
                                                            Object {
                                                              "invisible": true,
                                                            }
                                                          }
                                                          classes={
                                                            Object {
                                                              "hidden": "MuiModal-hidden-59",
                                                              "root": "MuiModal-root-58",
                                                            }
                                                          }
                                                          disableAutoFocus={false}
                                                          disableBackdropClick={false}
                                                          disableEnforceFocus={false}
                                                          disableEscapeKeyDown={false}
                                                          disablePortal={false}
                                                          disableRestoreFocus={false}
                                                          hideBackdrop={false}
                                                          id="menu-"
                                                          keepMounted={false}
                                                          manager={
                                                            ModalManager {
                                                              "containers": Array [],
                                                              "data": Array [],
                                                              "handleContainerOverflow": true,
                                                              "hideSiblingNodes": true,
                                                              "modals": Array [],
                                                            }
                                                          }
                                                          onClose={[Function]}
                                                          open={false}
                                                        />
                                                      </WithStyles(Modal)>
                                                    </Popover>
                                                  </WithStyles(Popover)>
                                                </Menu>
                                              </WithStyles(Menu)>
                                            </div>
                                          </SelectInput>
                                        </div>
                                      </Input>
                                    </WithStyles(Input)>
                                  </Select>
                                </WithStyles(Select)>
                              </div>
                            </FormControl>
                          </WithStyles(FormControl)>
                        </SelectBlock>
                      </Component>
                    </Styled(Component)>
                  </SelectWithOptions>
                  <Pagination
                    maxPageCount={0}
                    onChangePage={[Function]}
                    pageNumber={1}
                  >
                    <styled.div>
                      <div
                        className="sc-kgoBCf eIPsuM"
                      >
                        <ButtonControl
                          color="primary"
                          disabled={true}
                          onClick={[Function]}
                          title="Previous page"
                        >
                          <Styled(Component)
                            classes={Object {}}
                            color="primary"
                            disabled={true}
                            isActive={false}
                            mini={true}
                            onClick={[Function]}
                            title="Previous page"
                            variant="fab"
                          >
                            <Component
                              className="sc-bwzfXH fTMPew"
                              classes={Object {}}
                              color="primary"
                              disabled={true}
                              isActive={false}
                              mini={true}
                              onClick={[Function]}
                              title="Previous page"
                              variant="fab"
                            >
                              <WithStyles(Button)
                                className="sc-bwzfXH fTMPew"
                                classes={Object {}}
                                color="primary"
                                disabled={true}
                                mini={true}
                                onClick={[Function]}
                                title="Previous page"
                                variant="fab"
                              >
                                <Button
                                  className="sc-bwzfXH fTMPew"
                                  classes={
                                    Object {
                                      "colorInherit": "MuiButton-colorInherit-81",
                                      "contained": "MuiButton-contained-71",
                                      "containedPrimary": "MuiButton-containedPrimary-72",
                                      "containedSecondary": "MuiButton-containedSecondary-73",
                                      "disabled": "MuiButton-disabled-80",
                                      "extendedFab": "MuiButton-extendedFab-78",
                                      "fab": "MuiButton-fab-77",
                                      "flat": "MuiButton-flat-65",
                                      "flatPrimary": "MuiButton-flatPrimary-66",
                                      "flatSecondary": "MuiButton-flatSecondary-67",
                                      "focusVisible": "MuiButton-focusVisible-79",
                                      "fullWidth": "MuiButton-fullWidth-85",
                                      "label": "MuiButton-label-61",
                                      "mini": "MuiButton-mini-82",
                                      "outlined": "MuiButton-outlined-68",
                                      "outlinedPrimary": "MuiButton-outlinedPrimary-69",
                                      "outlinedSecondary": "MuiButton-outlinedSecondary-70",
                                      "raised": "MuiButton-raised-74",
                                      "raisedPrimary": "MuiButton-raisedPrimary-75",
                                      "raisedSecondary": "MuiButton-raisedSecondary-76",
                                      "root": "MuiButton-root-60",
                                      "sizeLarge": "MuiButton-sizeLarge-84",
                                      "sizeSmall": "MuiButton-sizeSmall-83",
                                      "text": "MuiButton-text-62",
                                      "textPrimary": "MuiButton-textPrimary-63",
                                      "textSecondary": "MuiButton-textSecondary-64",
                                    }
                                  }
                                  color="primary"
                                  component="button"
                                  disableFocusRipple={false}
                                  disabled={true}
                                  fullWidth={false}
                                  mini={true}
                                  onClick={[Function]}
                                  size="medium"
                                  title="Previous page"
                                  type="button"
                                  variant="fab"
                                >
                                  <WithStyles(ButtonBase)
                                    className="MuiButton-root-60 MuiButton-fab-77 MuiButton-mini-82 MuiButton-contained-71 MuiButton-containedPrimary-72 MuiButton-raised-74 MuiButton-raisedPrimary-75 MuiButton-disabled-80 sc-bwzfXH fTMPew"
                                    component="button"
                                    disabled={true}
                                    focusRipple={true}
                                    focusVisibleClassName="MuiButton-focusVisible-79"
                                    onClick={[Function]}
                                    title="Previous page"
                                    type="button"
                                  >
                                    <ButtonBase
                                      centerRipple={false}
                                      className="MuiButton-root-60 MuiButton-fab-77 MuiButton-mini-82 MuiButton-contained-71 MuiButton-containedPrimary-72 MuiButton-raised-74 MuiButton-raisedPrimary-75 MuiButton-disabled-80 sc-bwzfXH fTMPew"
                                      classes={
                                        Object {
                                          "disabled": "MuiButtonBase-disabled-87",
                                          "focusVisible": "MuiButtonBase-focusVisible-88",
                                          "root": "MuiButtonBase-root-86",
                                        }
                                      }
                                      component="button"
                                      disableRipple={false}
                                      disableTouchRipple={false}
                                      disabled={true}
                                      focusRipple={true}
                                      focusVisibleClassName="MuiButton-focusVisible-79"
                                      onClick={[Function]}
                                      tabIndex="0"
                                      title="Previous page"
                                      type="button"
                                    >
                                      <button
                                        className="MuiButtonBase-root-86 MuiButtonBase-disabled-87 MuiButton-root-60 MuiButton-fab-77 MuiButton-mini-82 MuiButton-contained-71 MuiButton-containedPrimary-72 MuiButton-raised-74 MuiButton-raisedPrimary-75 MuiButton-disabled-80 sc-bwzfXH fTMPew"
                                        disabled={true}
                                        onBlur={[Function]}
                                        onClick={[Function]}
                                        onFocus={[Function]}
                                        onKeyDown={[Function]}
                                        onKeyUp={[Function]}
                                        onMouseDown={[Function]}
                                        onMouseLeave={[Function]}
                                        onMouseUp={[Function]}
                                        onTouchEnd={[Function]}
                                        onTouchMove={[Function]}
                                        onTouchStart={[Function]}
                                        tabIndex="-1"
                                        title="Previous page"
                                        type="button"
                                      >
                                        <span
                                          className="MuiButton-label-61"
                                        >
                                          <pure(KeyboardArrowLeft)>
                                            <KeyboardArrowLeft>
                                              <WithStyles(SvgIcon)>
                                                <SvgIcon
                                                  classes={
                                                    Object {
                                                      "colorAction": "MuiSvgIcon-colorAction-52",
                                                      "colorDisabled": "MuiSvgIcon-colorDisabled-54",
                                                      "colorError": "MuiSvgIcon-colorError-53",
                                                      "colorPrimary": "MuiSvgIcon-colorPrimary-50",
                                                      "colorSecondary": "MuiSvgIcon-colorSecondary-51",
                                                      "fontSizeInherit": "MuiSvgIcon-fontSizeInherit-55",
                                                      "root": "MuiSvgIcon-root-49",
                                                    }
                                                  }
                                                  color="inherit"
                                                  component="svg"
                                                  fontSize="default"
                                                  viewBox="0 0 24 24"
                                                >
                                                  <svg
                                                    aria-hidden="true"
                                                    className="MuiSvgIcon-root-49"
                                                    focusable="false"
                                                    viewBox="0 0 24 24"
                                                  >
                                                    <path
                                                      d="M15.41 16.59L10.83 12l4.58-4.59L14 6l-6 6 6 6 1.41-1.41z"
                                                    />
                                                    <path
                                                      d="M0 0h24v24H0V0z"
                                                      fill="none"
                                                    />
                                                  </svg>
                                                </SvgIcon>
                                              </WithStyles(SvgIcon)>
                                            </KeyboardArrowLeft>
                                          </pure(KeyboardArrowLeft)>
                                        </span>
                                      </button>
                                    </ButtonBase>
                                  </WithStyles(ButtonBase)>
                                </Button>
                              </WithStyles(Button)>
                            </Component>
                          </Styled(Component)>
                        </ButtonControl>
                        <styled.div>
                          <div
                            className="sc-kGXeez gXFcOq"
                          >
                            <TextFieldCustomized
                              classes={Object {}}
                              control={null}
                              label="Page number"
                              onChange={[Function]}
                              value={1}
                            >
                              <styled.div
                                control={null}
                              >
                                <div
                                  className="sc-ckVGcZ vVstC"
                                >
                                  <TextField
                                    label="Page number"
                                    onChange={[Function]}
                                    required={false}
                                    select={false}
                                    value={1}
                                  >
                                    <WithStyles(FormControl)
                                      required={false}
                                    >
                                      <FormControl
                                        classes={
                                          Object {
                                            "fullWidth": "MuiFormControl-fullWidth-18",
                                            "marginDense": "MuiFormControl-marginDense-17",
                                            "marginNormal": "MuiFormControl-marginNormal-16",
                                            "root": "MuiFormControl-root-15",
                                          }
                                        }
                                        component="div"
                                        disabled={false}
                                        error={false}
                                        fullWidth={false}
                                        margin="none"
                                        required={false}
                                      >
                                        <div
                                          className="MuiFormControl-root-15"
                                        >
                                          <WithStyles(InputLabel)>
                                            <InputLabel
                                              classes={
                                                Object {
                                                  "animated": "MuiInputLabel-animated-23",
                                                  "formControl": "MuiInputLabel-formControl-20",
                                                  "marginDense": "MuiInputLabel-marginDense-21",
                                                  "root": "MuiInputLabel-root-19",
                                                  "shrink": "MuiInputLabel-shrink-22",
                                                }
                                              }
                                              disableAnimation={false}
                                            >
                                              <WithStyles(FormLabel)
                                                className="MuiInputLabel-root-19 MuiInputLabel-formControl-20 MuiInputLabel-animated-23 MuiInputLabel-shrink-22"
                                                data-shrink={true}
                                              >
                                                <FormLabel
                                                  className="MuiInputLabel-root-19 MuiInputLabel-formControl-20 MuiInputLabel-animated-23 MuiInputLabel-shrink-22"
                                                  classes={
                                                    Object {
                                                      "asterisk": "MuiFormLabel-asterisk-30",
                                                      "disabled": "MuiFormLabel-disabled-26",
                                                      "error": "MuiFormLabel-error-27",
                                                      "filled": "MuiFormLabel-filled-28",
                                                      "focused": "MuiFormLabel-focused-25",
                                                      "required": "MuiFormLabel-required-29",
                                                      "root": "MuiFormLabel-root-24",
                                                    }
                                                  }
                                                  component="label"
                                                  data-shrink={true}
                                                >
                                                  <label
                                                    className="MuiFormLabel-root-24 MuiFormLabel-filled-28 MuiInputLabel-root-19 MuiInputLabel-formControl-20 MuiInputLabel-animated-23 MuiInputLabel-shrink-22"
                                                    data-shrink={true}
                                                  >
                                                    Page number
                                                  </label>
                                                </FormLabel>
                                              </WithStyles(FormLabel)>
                                            </InputLabel>
                                          </WithStyles(InputLabel)>
                                          <WithStyles(Input)
                                            onChange={[Function]}
                                            value={1}
                                          >
                                            <Input
                                              classes={
                                                Object {
                                                  "disabled": "MuiInput-disabled-39",
                                                  "error": "MuiInput-error-41",
                                                  "focused": "MuiInput-focused-38",
                                                  "formControl": "MuiInput-formControl-37",
                                                  "fullWidth": "MuiInput-fullWidth-43",
                                                  "input": "MuiInput-input-44",
                                                  "inputMarginDense": "MuiInput-inputMarginDense-45",
                                                  "inputMultiline": "MuiInput-inputMultiline-46",
                                                  "inputType": "MuiInput-inputType-47",
                                                  "inputTypeSearch": "MuiInput-inputTypeSearch-48",
                                                  "multiline": "MuiInput-multiline-42",
                                                  "root": "MuiInput-root-36",
                                                  "underline": "MuiInput-underline-40",
                                                }
                                              }
                                              disableUnderline={false}
                                              fullWidth={false}
                                              multiline={false}
                                              onChange={[Function]}
                                              type="text"
                                              value={1}
                                            >
                                              <div
                                                className="MuiInput-root-36 MuiInput-formControl-37 MuiInput-underline-40"
                                              >
                                                <input
                                                  aria-invalid={false}
                                                  className="MuiInput-input-44"
                                                  disabled={false}
                                                  onBlur={[Function]}
                                                  onChange={[Function]}
                                                  onFocus={[Function]}
                                                  required={false}
                                                  type="text"
                                                  value={1}
                                                />
                                              </div>
                                            </Input>
                                          </WithStyles(Input)>
                                        </div>
                                      </FormControl>
                                    </WithStyles(FormControl)>
                                  </TextField>
                                </div>
                              </styled.div>
                            </TextFieldCustomized>
                          </div>
                        </styled.div>
                        <ButtonControl
                          color="primary"
                          disabled={false}
                          onClick={[Function]}
                          title="Next page"
                        >
                          <Styled(Component)
                            classes={Object {}}
                            color="primary"
                            disabled={false}
                            isActive={false}
                            mini={true}
                            onClick={[Function]}
                            title="Next page"
                            variant="fab"
                          >
                            <Component
                              className="sc-bwzfXH fTMPew"
                              classes={Object {}}
                              color="primary"
                              disabled={false}
                              isActive={false}
                              mini={true}
                              onClick={[Function]}
                              title="Next page"
                              variant="fab"
                            >
                              <WithStyles(Button)
                                className="sc-bwzfXH fTMPew"
                                classes={Object {}}
                                color="primary"
                                disabled={false}
                                mini={true}
                                onClick={[Function]}
                                title="Next page"
                                variant="fab"
                              >
                                <Button
                                  className="sc-bwzfXH fTMPew"
                                  classes={
                                    Object {
                                      "colorInherit": "MuiButton-colorInherit-81",
                                      "contained": "MuiButton-contained-71",
                                      "containedPrimary": "MuiButton-containedPrimary-72",
                                      "containedSecondary": "MuiButton-containedSecondary-73",
                                      "disabled": "MuiButton-disabled-80",
                                      "extendedFab": "MuiButton-extendedFab-78",
                                      "fab": "MuiButton-fab-77",
                                      "flat": "MuiButton-flat-65",
                                      "flatPrimary": "MuiButton-flatPrimary-66",
                                      "flatSecondary": "MuiButton-flatSecondary-67",
                                      "focusVisible": "MuiButton-focusVisible-79",
                                      "fullWidth": "MuiButton-fullWidth-85",
                                      "label": "MuiButton-label-61",
                                      "mini": "MuiButton-mini-82",
                                      "outlined": "MuiButton-outlined-68",
                                      "outlinedPrimary": "MuiButton-outlinedPrimary-69",
                                      "outlinedSecondary": "MuiButton-outlinedSecondary-70",
                                      "raised": "MuiButton-raised-74",
                                      "raisedPrimary": "MuiButton-raisedPrimary-75",
                                      "raisedSecondary": "MuiButton-raisedSecondary-76",
                                      "root": "MuiButton-root-60",
                                      "sizeLarge": "MuiButton-sizeLarge-84",
                                      "sizeSmall": "MuiButton-sizeSmall-83",
                                      "text": "MuiButton-text-62",
                                      "textPrimary": "MuiButton-textPrimary-63",
                                      "textSecondary": "MuiButton-textSecondary-64",
                                    }
                                  }
                                  color="primary"
                                  component="button"
                                  disableFocusRipple={false}
                                  disabled={false}
                                  fullWidth={false}
                                  mini={true}
                                  onClick={[Function]}
                                  size="medium"
                                  title="Next page"
                                  type="button"
                                  variant="fab"
                                >
                                  <WithStyles(ButtonBase)
                                    className="MuiButton-root-60 MuiButton-fab-77 MuiButton-mini-82 MuiButton-contained-71 MuiButton-containedPrimary-72 MuiButton-raised-74 MuiButton-raisedPrimary-75 sc-bwzfXH fTMPew"
                                    component="button"
                                    disabled={false}
                                    focusRipple={true}
                                    focusVisibleClassName="MuiButton-focusVisible-79"
                                    onClick={[Function]}
                                    title="Next page"
                                    type="button"
                                  >
                                    <ButtonBase
                                      centerRipple={false}
                                      className="MuiButton-root-60 MuiButton-fab-77 MuiButton-mini-82 MuiButton-contained-71 MuiButton-containedPrimary-72 MuiButton-raised-74 MuiButton-raisedPrimary-75 sc-bwzfXH fTMPew"
                                      classes={
                                        Object {
                                          "disabled": "MuiButtonBase-disabled-87",
                                          "focusVisible": "MuiButtonBase-focusVisible-88",
                                          "root": "MuiButtonBase-root-86",
                                        }
                                      }
                                      component="button"
                                      disableRipple={false}
                                      disableTouchRipple={false}
                                      disabled={false}
                                      focusRipple={true}
                                      focusVisibleClassName="MuiButton-focusVisible-79"
                                      onClick={[Function]}
                                      tabIndex="0"
                                      title="Next page"
                                      type="button"
                                    >
                                      <button
                                        className="MuiButtonBase-root-86 MuiButton-root-60 MuiButton-fab-77 MuiButton-mini-82 MuiButton-contained-71 MuiButton-containedPrimary-72 MuiButton-raised-74 MuiButton-raisedPrimary-75 sc-bwzfXH fTMPew"
                                        disabled={false}
                                        onBlur={[Function]}
                                        onClick={[Function]}
                                        onFocus={[Function]}
                                        onKeyDown={[Function]}
                                        onKeyUp={[Function]}
                                        onMouseDown={[Function]}
                                        onMouseLeave={[Function]}
                                        onMouseUp={[Function]}
                                        onTouchEnd={[Function]}
                                        onTouchMove={[Function]}
                                        onTouchStart={[Function]}
                                        tabIndex="0"
                                        title="Next page"
                                        type="button"
                                      >
                                        <span
                                          className="MuiButton-label-61"
                                        >
                                          <pure(KeyboardArrowRight)>
                                            <KeyboardArrowRight>
                                              <WithStyles(SvgIcon)>
                                                <SvgIcon
                                                  classes={
                                                    Object {
                                                      "colorAction": "MuiSvgIcon-colorAction-52",
                                                      "colorDisabled": "MuiSvgIcon-colorDisabled-54",
                                                      "colorError": "MuiSvgIcon-colorError-53",
                                                      "colorPrimary": "MuiSvgIcon-colorPrimary-50",
                                                      "colorSecondary": "MuiSvgIcon-colorSecondary-51",
                                                      "fontSizeInherit": "MuiSvgIcon-fontSizeInherit-55",
                                                      "root": "MuiSvgIcon-root-49",
                                                    }
                                                  }
                                                  color="inherit"
                                                  component="svg"
                                                  fontSize="default"
                                                  viewBox="0 0 24 24"
                                                >
                                                  <svg
                                                    aria-hidden="true"
                                                    className="MuiSvgIcon-root-49"
                                                    focusable="false"
                                                    viewBox="0 0 24 24"
                                                  >
                                                    <path
                                                      d="M8.59 16.59L13.17 12 8.59 7.41 10 6l6 6-6 6-1.41-1.41z"
                                                    />
                                                    <path
                                                      d="M0 0h24v24H0V0z"
                                                      fill="none"
                                                    />
                                                  </svg>
                                                </SvgIcon>
                                              </WithStyles(SvgIcon)>
                                            </KeyboardArrowRight>
                                          </pure(KeyboardArrowRight)>
                                        </span>
                                        <WithStyles(TouchRipple)
                                          center={false}
                                          innerRef={[Function]}
                                        >
                                          <TouchRipple
                                            center={false}
                                            classes={
                                              Object {
                                                "child": "MuiTouchRipple-child-93",
                                                "childLeaving": "MuiTouchRipple-childLeaving-94",
                                                "childPulsate": "MuiTouchRipple-childPulsate-95",
                                                "ripple": "MuiTouchRipple-ripple-90",
                                                "ripplePulsate": "MuiTouchRipple-ripplePulsate-92",
                                                "rippleVisible": "MuiTouchRipple-rippleVisible-91",
                                                "root": "MuiTouchRipple-root-89",
                                              }
                                            }
                                          >
                                            <TransitionGroup
                                              childFactory={[Function]}
                                              className="MuiTouchRipple-root-89"
                                              component="span"
                                              enter={true}
                                              exit={true}
                                            >
                                              <span
                                                className="MuiTouchRipple-root-89"
                                              />
                                            </TransitionGroup>
                                          </TouchRipple>
                                        </WithStyles(TouchRipple)>
                                      </button>
                                    </ButtonBase>
                                  </WithStyles(ButtonBase)>
                                </Button>
                              </WithStyles(Button)>
                            </Component>
                          </Styled(Component)>
                        </ButtonControl>
                      </div>
                    </styled.div>
                  </Pagination>
                </div>
              </styled.div>
            </li>
          </ListItem>
        </WithStyles(ListItem)>
      </ul>
    </List>
  </WithStyles(List)>
</PaginationPanel>
`;
