// Jest Snapshot v1, https://goo.gl/fbAQLP

exports[`MainContainer page render 1`] = `
ShallowWrapper {
  Symbol(enzyme.__root__): [Circular],
  Symbol(enzyme.__unrendered__): <MainContainer />,
  Symbol(enzyme.__renderer__): Object {
    "batchedUpdates": [Function],
    "getNode": [Function],
    "render": [Function],
    "simulateError": [Function],
    "simulateEvent": [Function],
    "unmount": [Function],
  },
  Symbol(enzyme.__node__): Object {
    "instance": null,
    "key": undefined,
    "nodeType": "function",
    "props": Object {
      "children": Array [
        <img
          alt="trident"
          src="trident.svg"
/>,
        <div>
          <Unknown>
                    Учітесь, читайте, І чужому научайтесь, Й свого не цурайтесь
          </Unknown>
          <Unknown>
                    Т.Г. Шевченко
          </Unknown>
</div>,
      ],
    },
    "ref": null,
    "rendered": Array [
      Object {
        "instance": null,
        "key": undefined,
        "nodeType": "host",
        "props": Object {
          "alt": "trident",
          "src": "trident.svg",
        },
        "ref": null,
        "rendered": null,
        "type": "img",
      },
      Object {
        "instance": null,
        "key": undefined,
        "nodeType": "host",
        "props": Object {
          "children": Array [
            <Unknown>
              Учітесь, читайте, І чужому научайтесь, Й свого не цурайтесь
</Unknown>,
            <Unknown>
              Т.Г. Шевченко
</Unknown>,
          ],
        },
        "ref": null,
        "rendered": Array [
          Object {
            "instance": null,
            "key": undefined,
            "nodeType": "function",
            "props": Object {
              "children": "Учітесь, читайте, І чужому научайтесь, Й свого не цурайтесь",
            },
            "ref": null,
            "rendered": "Учітесь, читайте, І чужому научайтесь, Й свого не цурайтесь",
            "type": Object {
              "$$typeof": Symbol(react.forward_ref),
              "attrs": undefined,
              "componentStyle": ComponentStyle {
                "componentId": "sc-bwzfXH",
                "isStatic": true,
                "rules": Array [
                  "
  font-size: 1.3em;
  font-weight: bolder;
",
                ],
              },
              "displayName": "styled.q",
              "render": [Function],
              "styledComponentId": "sc-bwzfXH",
              "target": "q",
              "toString": [Function],
              "warnTooManyClasses": [Function],
              "withComponent": [Function],
            },
          },
          Object {
            "instance": null,
            "key": undefined,
            "nodeType": "function",
            "props": Object {
              "children": "Т.Г. Шевченко",
            },
            "ref": null,
            "rendered": "Т.Г. Шевченко",
            "type": Object {
              "$$typeof": Symbol(react.forward_ref),
              "attrs": undefined,
              "componentStyle": ComponentStyle {
                "componentId": "sc-htpNat",
                "isStatic": true,
                "rules": Array [
                  "
  text-align: right;
  font-size: 1.2em;
  margin: 0.5em 0;
",
                ],
              },
              "displayName": "styled.p",
              "render": [Function],
              "styledComponentId": "sc-htpNat",
              "target": "p",
              "toString": [Function],
              "warnTooManyClasses": [Function],
              "withComponent": [Function],
            },
          },
        ],
        "type": "div",
      },
    ],
    "type": Object {
      "$$typeof": Symbol(react.forward_ref),
      "attrs": undefined,
      "componentStyle": ComponentStyle {
        "componentId": "sc-bdVaJa",
        "isStatic": true,
        "rules": Array [
          "
  display: grid;
  grid-template-columns: 1fr 2fr;
  gap: 1rem;
",
        ],
      },
      "displayName": "styled.div",
      "render": [Function],
      "styledComponentId": "sc-bdVaJa",
      "target": "div",
      "toString": [Function],
      "warnTooManyClasses": [Function],
      "withComponent": [Function],
    },
  },
  Symbol(enzyme.__nodes__): Array [
    Object {
      "instance": null,
      "key": undefined,
      "nodeType": "function",
      "props": Object {
        "children": Array [
          <img
            alt="trident"
            src="trident.svg"
/>,
          <div>
            <Unknown>
                        Учітесь, читайте, І чужому научайтесь, Й свого не цурайтесь
            </Unknown>
            <Unknown>
                        Т.Г. Шевченко
            </Unknown>
</div>,
        ],
      },
      "ref": null,
      "rendered": Array [
        Object {
          "instance": null,
          "key": undefined,
          "nodeType": "host",
          "props": Object {
            "alt": "trident",
            "src": "trident.svg",
          },
          "ref": null,
          "rendered": null,
          "type": "img",
        },
        Object {
          "instance": null,
          "key": undefined,
          "nodeType": "host",
          "props": Object {
            "children": Array [
              <Unknown>
                Учітесь, читайте, І чужому научайтесь, Й свого не цурайтесь
</Unknown>,
              <Unknown>
                Т.Г. Шевченко
</Unknown>,
            ],
          },
          "ref": null,
          "rendered": Array [
            Object {
              "instance": null,
              "key": undefined,
              "nodeType": "function",
              "props": Object {
                "children": "Учітесь, читайте, І чужому научайтесь, Й свого не цурайтесь",
              },
              "ref": null,
              "rendered": "Учітесь, читайте, І чужому научайтесь, Й свого не цурайтесь",
              "type": Object {
                "$$typeof": Symbol(react.forward_ref),
                "attrs": undefined,
                "componentStyle": ComponentStyle {
                  "componentId": "sc-bwzfXH",
                  "isStatic": true,
                  "rules": Array [
                    "
  font-size: 1.3em;
  font-weight: bolder;
",
                  ],
                },
                "displayName": "styled.q",
                "render": [Function],
                "styledComponentId": "sc-bwzfXH",
                "target": "q",
                "toString": [Function],
                "warnTooManyClasses": [Function],
                "withComponent": [Function],
              },
            },
            Object {
              "instance": null,
              "key": undefined,
              "nodeType": "function",
              "props": Object {
                "children": "Т.Г. Шевченко",
              },
              "ref": null,
              "rendered": "Т.Г. Шевченко",
              "type": Object {
                "$$typeof": Symbol(react.forward_ref),
                "attrs": undefined,
                "componentStyle": ComponentStyle {
                  "componentId": "sc-htpNat",
                  "isStatic": true,
                  "rules": Array [
                    "
  text-align: right;
  font-size: 1.2em;
  margin: 0.5em 0;
",
                  ],
                },
                "displayName": "styled.p",
                "render": [Function],
                "styledComponentId": "sc-htpNat",
                "target": "p",
                "toString": [Function],
                "warnTooManyClasses": [Function],
                "withComponent": [Function],
              },
            },
          ],
          "type": "div",
        },
      ],
      "type": Object {
        "$$typeof": Symbol(react.forward_ref),
        "attrs": undefined,
        "componentStyle": ComponentStyle {
          "componentId": "sc-bdVaJa",
          "isStatic": true,
          "rules": Array [
            "
  display: grid;
  grid-template-columns: 1fr 2fr;
  gap: 1rem;
",
          ],
        },
        "displayName": "styled.div",
        "render": [Function],
        "styledComponentId": "sc-bdVaJa",
        "target": "div",
        "toString": [Function],
        "warnTooManyClasses": [Function],
        "withComponent": [Function],
      },
    },
  ],
  Symbol(enzyme.__options__): Object {
    "adapter": ReactSixteenAdapter {
      "options": Object {
        "enableComponentDidUpdateOnSetState": true,
        "lifecycles": Object {
          "componentDidUpdate": Object {
            "onSetState": true,
          },
          "getDerivedStateFromProps": true,
          "getSnapshotBeforeUpdate": true,
          "setState": Object {
            "skipsComponentDidUpdateOnNullish": true,
          },
        },
      },
    },
  },
}
`;
