// Jest Snapshot v1, https://goo.gl/fbAQLP

exports[`MainContainer page render 1`] = `
<styled.div>
  <img
    alt="trident"
    src="trident.svg"
  />
  <div>
    <styled.q>
      Учітесь, читайте, І чужому научайтесь, Й свого не цурайтесь
    </styled.q>
    <styled.p>
      Т.Г. Шевченко
    </styled.p>
  </div>
</styled.div>
`;
