// Jest Snapshot v1, https://goo.gl/fbAQLP

exports[`Inputs block render 1`] = `
<InputsBlock
  classes={Object {}}
  control={false}
  onAddItem={[Function]}
  title={null}
>
  <div>
    <div>
      <h3 />
      <div />
    </div>
    <div>
      anything
    </div>
  </div>
</InputsBlock>
`;

exports[`Inputs block render with control 1`] = `
<InputsBlock
  control={true}
  onAddItem={[Function]}
  title={null}
>
  <styled.div>
    <div
      className="sc-kkGfuU jXiADL"
    >
      <styled.div>
        <div
          className="sc-iAyFgw jdHqqI"
        >
          <styled.h3>
            <h3
              className="sc-hSdWYo bGviYS"
            />
          </styled.h3>
          <div>
            <TextFieldCustomized
              classes={Object {}}
              control={
                <Styled(Component)
                  classes={Object {}}
                  disabled={true}
                  isActive={false}
                  mini={true}
                  onClick={[Function]}
                  title="Add new option"
                >
                  <pure(Add) />
                </Styled(Component)>
              }
              onChange={[Function]}
              onKeyPress={[Function]}
              placeholder="Add new option"
              value=""
            >
              <styled.div
                control={
                  <Styled(Component)
                    classes={Object {}}
                    disabled={true}
                    isActive={false}
                    mini={true}
                    onClick={[Function]}
                    title="Add new option"
                  >
                    <pure(Add) />
                  </Styled(Component)>
                }
              >
                <div
                  className="sc-kGXeez jRUgEv"
                >
                  <TextField
                    onChange={[Function]}
                    onKeyPress={[Function]}
                    placeholder="Add new option"
                    required={false}
                    select={false}
                    value=""
                  >
                    <WithStyles(FormControl)
                      onKeyPress={[Function]}
                      required={false}
                    >
                      <FormControl
                        classes={
                          Object {
                            "fullWidth": "MuiFormControl-fullWidth-4",
                            "marginDense": "MuiFormControl-marginDense-3",
                            "marginNormal": "MuiFormControl-marginNormal-2",
                            "root": "MuiFormControl-root-1",
                          }
                        }
                        component="div"
                        disabled={false}
                        error={false}
                        fullWidth={false}
                        margin="none"
                        onKeyPress={[Function]}
                        required={false}
                      >
                        <div
                          className="MuiFormControl-root-1"
                          onKeyPress={[Function]}
                        >
                          <WithStyles(Input)
                            onChange={[Function]}
                            placeholder="Add new option"
                            value=""
                          >
                            <Input
                              classes={
                                Object {
                                  "disabled": "MuiInput-disabled-8",
                                  "error": "MuiInput-error-10",
                                  "focused": "MuiInput-focused-7",
                                  "formControl": "MuiInput-formControl-6",
                                  "fullWidth": "MuiInput-fullWidth-12",
                                  "input": "MuiInput-input-13",
                                  "inputMarginDense": "MuiInput-inputMarginDense-14",
                                  "inputMultiline": "MuiInput-inputMultiline-15",
                                  "inputType": "MuiInput-inputType-16",
                                  "inputTypeSearch": "MuiInput-inputTypeSearch-17",
                                  "multiline": "MuiInput-multiline-11",
                                  "root": "MuiInput-root-5",
                                  "underline": "MuiInput-underline-9",
                                }
                              }
                              disableUnderline={false}
                              fullWidth={false}
                              multiline={false}
                              onChange={[Function]}
                              placeholder="Add new option"
                              type="text"
                              value=""
                            >
                              <div
                                className="MuiInput-root-5 MuiInput-formControl-6 MuiInput-underline-9"
                              >
                                <input
                                  aria-invalid={false}
                                  className="MuiInput-input-13"
                                  disabled={false}
                                  onBlur={[Function]}
                                  onChange={[Function]}
                                  onFocus={[Function]}
                                  placeholder="Add new option"
                                  required={false}
                                  type="text"
                                  value=""
                                />
                              </div>
                            </Input>
                          </WithStyles(Input)>
                        </div>
                      </FormControl>
                    </WithStyles(FormControl)>
                  </TextField>
                  <Styled(Component)
                    classes={Object {}}
                    disabled={true}
                    isActive={false}
                    mini={true}
                    onClick={[Function]}
                    title="Add new option"
                  >
                    <Component
                      className="sc-bwzfXH fTMPew"
                      classes={Object {}}
                      disabled={true}
                      isActive={false}
                      mini={true}
                      onClick={[Function]}
                      title="Add new option"
                    >
                      <WithStyles(Button)
                        className="sc-bwzfXH fTMPew"
                        classes={Object {}}
                        disabled={true}
                        mini={true}
                        onClick={[Function]}
                        title="Add new option"
                      >
                        <Button
                          className="sc-bwzfXH fTMPew"
                          classes={
                            Object {
                              "colorInherit": "MuiButton-colorInherit-39",
                              "contained": "MuiButton-contained-29",
                              "containedPrimary": "MuiButton-containedPrimary-30",
                              "containedSecondary": "MuiButton-containedSecondary-31",
                              "disabled": "MuiButton-disabled-38",
                              "extendedFab": "MuiButton-extendedFab-36",
                              "fab": "MuiButton-fab-35",
                              "flat": "MuiButton-flat-23",
                              "flatPrimary": "MuiButton-flatPrimary-24",
                              "flatSecondary": "MuiButton-flatSecondary-25",
                              "focusVisible": "MuiButton-focusVisible-37",
                              "fullWidth": "MuiButton-fullWidth-43",
                              "label": "MuiButton-label-19",
                              "mini": "MuiButton-mini-40",
                              "outlined": "MuiButton-outlined-26",
                              "outlinedPrimary": "MuiButton-outlinedPrimary-27",
                              "outlinedSecondary": "MuiButton-outlinedSecondary-28",
                              "raised": "MuiButton-raised-32",
                              "raisedPrimary": "MuiButton-raisedPrimary-33",
                              "raisedSecondary": "MuiButton-raisedSecondary-34",
                              "root": "MuiButton-root-18",
                              "sizeLarge": "MuiButton-sizeLarge-42",
                              "sizeSmall": "MuiButton-sizeSmall-41",
                              "text": "MuiButton-text-20",
                              "textPrimary": "MuiButton-textPrimary-21",
                              "textSecondary": "MuiButton-textSecondary-22",
                            }
                          }
                          color="default"
                          component="button"
                          disableFocusRipple={false}
                          disabled={true}
                          fullWidth={false}
                          mini={true}
                          onClick={[Function]}
                          size="medium"
                          title="Add new option"
                          type="button"
                          variant="text"
                        >
                          <WithStyles(ButtonBase)
                            className="MuiButton-root-18 MuiButton-text-20 MuiButton-flat-23 MuiButton-disabled-38 sc-bwzfXH fTMPew"
                            component="button"
                            disabled={true}
                            focusRipple={true}
                            focusVisibleClassName="MuiButton-focusVisible-37"
                            onClick={[Function]}
                            title="Add new option"
                            type="button"
                          >
                            <ButtonBase
                              centerRipple={false}
                              className="MuiButton-root-18 MuiButton-text-20 MuiButton-flat-23 MuiButton-disabled-38 sc-bwzfXH fTMPew"
                              classes={
                                Object {
                                  "disabled": "MuiButtonBase-disabled-45",
                                  "focusVisible": "MuiButtonBase-focusVisible-46",
                                  "root": "MuiButtonBase-root-44",
                                }
                              }
                              component="button"
                              disableRipple={false}
                              disableTouchRipple={false}
                              disabled={true}
                              focusRipple={true}
                              focusVisibleClassName="MuiButton-focusVisible-37"
                              onClick={[Function]}
                              tabIndex="0"
                              title="Add new option"
                              type="button"
                            >
                              <button
                                className="MuiButtonBase-root-44 MuiButtonBase-disabled-45 MuiButton-root-18 MuiButton-text-20 MuiButton-flat-23 MuiButton-disabled-38 sc-bwzfXH fTMPew"
                                disabled={true}
                                onBlur={[Function]}
                                onClick={[Function]}
                                onFocus={[Function]}
                                onKeyDown={[Function]}
                                onKeyUp={[Function]}
                                onMouseDown={[Function]}
                                onMouseLeave={[Function]}
                                onMouseUp={[Function]}
                                onTouchEnd={[Function]}
                                onTouchMove={[Function]}
                                onTouchStart={[Function]}
                                tabIndex="-1"
                                title="Add new option"
                                type="button"
                              >
                                <span
                                  className="MuiButton-label-19"
                                >
                                  <pure(Add)>
                                    <Add>
                                      <WithStyles(SvgIcon)>
                                        <SvgIcon
                                          classes={
                                            Object {
                                              "colorAction": "MuiSvgIcon-colorAction-50",
                                              "colorDisabled": "MuiSvgIcon-colorDisabled-52",
                                              "colorError": "MuiSvgIcon-colorError-51",
                                              "colorPrimary": "MuiSvgIcon-colorPrimary-48",
                                              "colorSecondary": "MuiSvgIcon-colorSecondary-49",
                                              "fontSizeInherit": "MuiSvgIcon-fontSizeInherit-53",
                                              "root": "MuiSvgIcon-root-47",
                                            }
                                          }
                                          color="inherit"
                                          component="svg"
                                          fontSize="default"
                                          viewBox="0 0 24 24"
                                        >
                                          <svg
                                            aria-hidden="true"
                                            className="MuiSvgIcon-root-47"
                                            focusable="false"
                                            viewBox="0 0 24 24"
                                          >
                                            <path
                                              d="M19 13h-6v6h-2v-6H5v-2h6V5h2v6h6v2z"
                                            />
                                            <path
                                              d="M0 0h24v24H0z"
                                              fill="none"
                                            />
                                          </svg>
                                        </SvgIcon>
                                      </WithStyles(SvgIcon)>
                                    </Add>
                                  </pure(Add)>
                                </span>
                              </button>
                            </ButtonBase>
                          </WithStyles(ButtonBase)>
                        </Button>
                      </WithStyles(Button)>
                    </Component>
                  </Styled(Component)>
                </div>
              </styled.div>
            </TextFieldCustomized>
          </div>
        </div>
      </styled.div>
      <styled.div>
        <div
          className="sc-eHgmQL eYqsNf"
        >
          anything
        </div>
      </styled.div>
    </div>
  </styled.div>
</InputsBlock>
`;
