// Jest Snapshot v1, https://goo.gl/fbAQLP

exports[`List of clickable strings render 1`] = `
Array [
  <SearchableWord
    delimiter=", "
    key="789ba657-bb2c-4629-98a0-ca6e28459112"
    word="one"
  />,
  <SearchableWord
    delimiter={false}
    key="343dcf60-f15c-4933-bb04-cf88869253ae"
    word="two"
  />,
]
`;
