// Jest Snapshot v1, https://goo.gl/fbAQLP

exports[`List of clickable strings render 1`] = `
ShallowWrapper {
  Symbol(enzyme.__root__): [Circular],
  Symbol(enzyme.__unrendered__): <ListOfSearchableWords
    items={
        Array [
            "one",
            "two",
          ]
    }
    onClick={[Function]}
/>,
  Symbol(enzyme.__renderer__): Object {
    "batchedUpdates": [Function],
    "getNode": [Function],
    "render": [Function],
    "simulateError": [Function],
    "simulateEvent": [Function],
    "unmount": [Function],
  },
  Symbol(enzyme.__node__): Object {
    "instance": null,
    "key": "4b03f481-de1c-4799-96cd-fcad59636491",
    "nodeType": "function",
    "props": Object {
      "delimiter": ", ",
      "word": "one",
    },
    "ref": null,
    "rendered": null,
    "type": [Function],
  },
  Symbol(enzyme.__nodes__): Array [
    Object {
      "instance": null,
      "key": "4b03f481-de1c-4799-96cd-fcad59636491",
      "nodeType": "function",
      "props": Object {
        "delimiter": ", ",
        "word": "one",
      },
      "ref": null,
      "rendered": null,
      "type": [Function],
    },
    Object {
      "instance": null,
      "key": "ead081a7-c45f-4201-94c2-d7fa41310a96",
      "nodeType": "function",
      "props": Object {
        "delimiter": false,
        "word": "two",
      },
      "ref": null,
      "rendered": null,
      "type": [Function],
    },
  ],
  Symbol(enzyme.__options__): Object {
    "adapter": ReactSixteenAdapter {
      "options": Object {
        "enableComponentDidUpdateOnSetState": true,
        "lifecycles": Object {
          "componentDidUpdate": Object {
            "onSetState": true,
          },
          "getDerivedStateFromProps": true,
          "getSnapshotBeforeUpdate": true,
          "setState": Object {
            "skipsComponentDidUpdateOnNullish": true,
          },
        },
      },
    },
  },
}
`;
