// Jest Snapshot v1, https://goo.gl/fbAQLP

exports[`List of clickable strings render 1`] = `
Array [
  <SearchableWord
    delimiter=", "
    key="caf5c9aa-5c8a-415c-8bed-a30e3d2f2625"
    word="one"
  />,
  <SearchableWord
    delimiter={false}
    key="26f241a1-2856-4aa4-94d3-cc10459cef26"
    word="two"
  />,
]
`;
