// Jest Snapshot v1, https://goo.gl/fbAQLP

exports[`List of clickable strings render 1`] = `
Array [
  <WithTheme(SearchableWord)
    delimiter=", "
    key="056ba650-a051-4eb8-8a2e-c256ccce73dc"
    word="one"
  />,
  <WithTheme(SearchableWord)
    delimiter={false}
    key="ed5e5106-170c-4a05-aee5-aa2b82e2567c"
    word="two"
  />,
]
`;
