// Jest Snapshot v1, https://goo.gl/fbAQLP

exports[`List of clickable strings render 1`] = `
Array [
  <Jss(SearchableWord)
    delimiter=", "
    key="7b542cc7-642c-41c2-9774-bd798ce32ddd"
    word="one"
  />,
  <Jss(SearchableWord)
    delimiter={false}
    key="78d15359-49ce-4f86-b9ae-2d20ed20eb3d"
    word="two"
  />,
]
`;
