// Jest Snapshot v1, https://goo.gl/fbAQLP

exports[`List of clickable strings render 1`] = `
Array [
  <Jss(SearchableWord)
    delimiter=", "
    key="f2edf888-c90a-4057-bf9b-ec0710dbc445"
    word="one"
  />,
  <Jss(SearchableWord)
    delimiter={false}
    key="c97fb2c7-7b7a-4ad3-bd3e-808fd5432491"
    word="two"
  />,
]
`;
